2021-11-18 14:30:30.995 961-1021/? D/CHRE: @ 88450.613: [ImuCal] Dynamic sensor configuration: high-performance.
2021-11-18 14:30:32.365 4041-4065/? D/DeviceStateHelper: Audo mode: 0
2021-11-18 14:30:32.949 1466-7121/? I/ActivityTaskManager: START u0 {act=android.content.pm.action.CONFIRM_INSTALL pkg=com.google.android.packageinstaller cmp=com.google.android.packageinstaller/com.android.packageinstaller.InstallStart (has extras)} from uid 10168
2021-11-18 14:30:32.955 1466-7121/? I/ActivityTaskManager: START u0 {act=android.content.pm.action.CONFIRM_INSTALL pkg=com.google.android.packageinstaller cmp=com.google.android.packageinstaller/com.android.packageinstaller.InstallStart (has extras)} from uid 10168
2021-11-18 14:30:32.963 1466-1481/? W/ActivityTaskManager: Tried to set launchTime (0) < mLastActivityLaunchTime (21894312)
2021-11-18 14:30:32.964 1466-1481/? W/ActivityTaskManager: Tried to set launchTime (0) < mLastActivityLaunchTime (21894312)
2021-11-18 14:30:32.972 1466-1527/? W/UsageStatsService: Unexpected activity event reported! (com.google.android.packageinstaller/com.android.packageinstaller.InstallStart event : 2 instanceId : 151611708)
2021-11-18 14:30:32.975 1466-5189/? I/ActivityTaskManager: START u0 {act=android.content.pm.action.CONFIRM_INSTALL flg=0x2000001 pkg=com.google.android.packageinstaller cmp=com.google.android.packageinstaller/com.android.packageinstaller.PackageInstallerActivity (has extras)} from uid 10103
2021-11-18 14:30:32.985 1466-5189/? I/ActivityTaskManager: START u0 {act=android.content.pm.action.CONFIRM_INSTALL flg=0x2000001 pkg=com.google.android.packageinstaller cmp=com.google.android.packageinstaller/com.android.packageinstaller.PackageInstallerActivity (has extras)} from uid 10103
2021-11-18 14:30:32.990 1466-5189/? W/ActivityTaskManager: Tried to set launchTime (0) < mLastActivityLaunchTime (21900908)
2021-11-18 14:30:32.368 4041-4065/? D/DeviceStateHelper: Audo mode: 0
2021-11-18 14:30:32.991 32425-32425/? W/Choreographer: Frame time is 0.166693 ms in the future!  Check that graphics HAL is generating vsync timestamps using the correct timebase.
2021-11-18 14:30:32.990 1466-5189/? W/ActivityTaskManager: Tried to set launchTime (0) < mLastActivityLaunchTime (21900908)
2021-11-18 14:30:32.994 1466-1527/? W/UsageStatsService: Unexpected activity event reported! (com.google.android.packageinstaller/com.android.packageinstaller.PackageInstallerActivity event : 2 instanceId : 43637734)
2021-11-18 14:30:33.056 1466-1527/? I/ActivityTaskManager: Displayed com.google.android.packageinstaller/com.android.packageinstaller.PackageInstallerActivity: +96ms
2021-11-18 14:30:33.060 1466-1527/? I/ActivityTaskManager: Displayed com.google.android.packageinstaller/com.android.packageinstaller.PackageInstallerActivity: +103ms
2021-11-18 14:30:33.516 3108-1625/? W/chht: [{0}] Failed to resolve name. status={1}
2021-11-18 14:30:33.520 1220-1220/? W/adbd: timeout expired while flushing socket, closing
2021-11-18 14:30:33.769 1466-1519/? E/JobScheduler.Background: App com.google.android.gms became active but still in NEVER bucket
2021-11-18 14:30:33.772 1466-1528/? I/DropBoxManagerService: add tag=system_server_wtf isTagEnabled=true flags=0x2
2021-11-18 14:30:33.773 29704-29724/? D/OpenGLRenderer: endAllActiveAnimators on 0x777bc39c10 (RippleDrawable) with handle 0x769bc5a2e0
2021-11-18 14:30:33.779 4149-4149/? I/Finsky: [2] akck.b(3): Verification requested, id = 55
2021-11-18 14:30:33.787 1466-1664/? W/RuleEvaluation: Integrity rule files are not available.
2021-11-18 14:30:33.788 1466-1552/? I/PackageManager: Integrity check passed for file:///data/app/vmdl1049102492.tmp
2021-11-18 14:30:33.792 4149-1950/? I/Finsky: [699] akeg.a(7): Single user settings service is not running, bind it now
2021-11-18 14:30:33.796 4149-4149/? I/Finsky: [2] akef.onServiceConnected(1): Single user settings service is connected
2021-11-18 14:30:33.799 4149-1950/? W/Settings: Setting install_non_market_apps has moved from android.provider.Settings.Global to android.provider.Settings.Secure, returning read-only value.
2021-11-18 14:30:33.979 4149-1950/? I/Finsky: [699] VerifyAdvancedProtectionInstallTask.mE(1): Verify AP install started
2021-11-18 14:30:33.980 4149-1950/? I/Finsky: [699] VerifyAdvancedProtectionInstallTask.mE(2): Allowing install because there are no Advanced Protection users
2021-11-18 14:30:33.980 4149-4149/? I/Finsky: [2] VerifyAdvancedProtectionInstallTask.mC(2): Reported verification result: ALLOW
2021-11-18 14:30:33.981 4149-1950/? I/Finsky: [699] VerifyPerSourceInstallationConsentInstallTask.mE(2): PSIC verification started with installer uid: 10168 package name: com.google.android.apps.nbu.files, originating uid: -1
2021-11-18 14:30:33.983 4149-1950/? I/Finsky: [699] VerifyPerSourceInstallationConsentInstallTask.mE(11): Skipping logging for attempted installation. The source is a system package.
2021-11-18 14:30:33.983 4149-4149/? I/Finsky: [2] VerifyInstallTask.g(3): Verifying id=55, result=1
2021-11-18 14:30:33.985 4149-4149/? I/Finsky: [2] VerifyInstallTask.mC(6): Verification complete: id=55, package_name=com.hades.example.android.myapplication
2021-11-18 14:30:34.008 1466-1552/? D/CompatibilityChangeReporter: Compat change id reported: 135549675; UID 10290; state: ENABLED
2021-11-18 14:30:34.083 1466-1552/? I/PackageDexOptimizer: Running dexopt (dexoptNeeded=1) on: /data/app/~~UvOD9f5zaxZY3gSGub-DAw==/com.hades.example.android.myapplication-XMvcujNh8bUt0fbpx9UIzg==/base.apk pkg=com.hades.example.android.myapplication isa=arm64 dexoptFlags=boot_complete,profile_guided,public,enable_hidden_api_checks targetFilter=speed-profile oatDir=/data/app/~~UvOD9f5zaxZY3gSGub-DAw==/com.hades.example.android.myapplication-XMvcujNh8bUt0fbpx9UIzg==/oat classLoaderContext=PCL[]{}
2021-11-18 14:30:34.084 1153-10117/? V/installd: DexInv: --- BEGIN '/data/app/~~UvOD9f5zaxZY3gSGub-DAw==/com.hades.example.android.myapplication-XMvcujNh8bUt0fbpx9UIzg==/base.apk' ---
2021-11-18 14:30:34.097 1960-1960/? I/dex2oat32: /apex/com.android.art/bin/dex2oat32 --input-vdex-fd=-1 --output-vdex-fd=9 --updatable-bcp-packages-file=/system/etc/updatable-bcp-packages.txt --resolve-startup-const-strings=true --max-image-block-size=524288 --compiler-filter=speed-profile --classpath-dir=/data/app/~~UvOD9f5zaxZY3gSGub-DAw==/com.hades.example.android.myapplication-XMvcujNh8bUt0fbpx9UIzg== --class-loader-context=PCL[]{} --generate-mini-debug-info --compact-dex-level=none --compilation-reason=install
2021-11-18 14:30:34.099 1960-1960/? I/dex2oat32: setting boot class path to /apex/com.android.art/javalib/core-oj.jar:/apex/com.android.art/javalib/core-libart.jar:/apex/com.android.art/javalib/core-icu4j.jar:/apex/com.android.art/javalib/okhttp.jar:/apex/com.android.art/javalib/bouncycastle.jar:/apex/com.android.art/javalib/apache-xml.jar:/system/framework/framework.jar:/system/framework/ext.jar:/system/framework/telephony-common.jar:/system/framework/voip-common.jar:/system/framework/ims-common.jar:/system/framework/framework-atb-backward-compatibility.jar
2021-11-18 14:30:34.420 1960-1960/? I/dex2oat32: dex2oat took 325.053ms (1.097s cpu) (threads: 8) arena alloc=7544B (7544B) java alloc=4732KB (4846392B) native alloc=4989KB (5109696B) free=2401KB (2458672B)
2021-11-18 14:30:34.426 1153-10117/? V/installd: DexInv: --- END '/data/app/~~UvOD9f5zaxZY3gSGub-DAw==/com.hades.example.android.myapplication-XMvcujNh8bUt0fbpx9UIzg==/base.apk' (success) ---
2021-11-18 14:30:34.427 1466-1552/? V/BackupManagerService: [UserID:0] restoreAtInstall pkg=com.hades.example.android.myapplication token=38 restoreSet=0
2021-11-18 14:30:34.427 1466-1552/? V/BackupManagerService: [UserID:0] Finishing install immediately
2021-11-18 14:30:34.429 1466-1519/? E/JobScheduler.Background: App com.google.android.gms became active but still in NEVER bucket
2021-11-18 14:30:34.430 1466-1528/? I/DropBoxManagerService: add tag=system_server_wtf isTagEnabled=true flags=0x2
2021-11-18 14:30:34.431 1153-10117/? E/installd: Couldn't opendir /data/app/vmdl1049102492.tmp: No such file or directory
2021-11-18 14:30:34.431 1153-10117/? E/installd: Failed to delete /data/app/vmdl1049102492.tmp: No such file or directory
2021-11-18 14:30:34.436 3013-3013/? I/MediaProvider: Invalidating LocalCallingIdentity cache for package com.hades.example.android.myapplication. Reason: package android.intent.action.PACKAGE_ADDED
2021-11-18 14:30:34.440 1466-1519/? I/RoleManagerService: Granting default roles...
2021-11-18 14:30:34.442 1466-1656/? I/InputReader: Reconfiguring input devices, changes=KEYBOARD_LAYOUTS | 
2021-11-18 14:30:34.444 2900-2900/? I/GsaVoiceInteractionSrv: O received Intent { act=android.intent.action.PACKAGE_ADDED dat=package:com.hades.example.android.myapplication flg=0x4000010 (has extras) }
2021-11-18 14:30:34.449 4149-4149/? I/Finsky: [2] ycb.d(13): PackageMonitorReceiverImpl - Received: android.intent.action.PACKAGE_ADDED, [2HsWJrgy9S9L3Khufx54iMVi2wn0fwJwMil2fXzpzgU]
2021-11-18 14:30:34.449 4149-4149/? I/Finsky: [2] ydc.g(1): Invalidating cached PackageState for com.hades.example.android.myapplication
2021-11-18 14:30:34.455 1466-7121/? W/BroadcastQueue: Background execution not allowed: receiving Intent { act=android.intent.action.PACKAGE_ADDED dat=package:com.hades.example.android.myapplication flg=0x4000010 (has extras) } to com.google.android.packageinstaller/com.android.packageinstaller.PackageInstalledReceiver
2021-11-18 14:30:34.462 32425-32458/? W/cri: Session ID is no longer active.
2021-11-18 14:30:34.462 4149-4149/? I/Finsky: [2] ouk.d(2): Frosting ID looked up on UI thread. Caller should move to a background thread.
2021-11-18 14:30:34.465 1466-1528/? W/BroadcastQueue: Background execution not allowed: receiving Intent { act=android.intent.action.PACKAGE_ADDED dat=package:com.hades.example.android.myapplication flg=0x4000010 (has extras) } to com.android.vending/com.google.android.finsky.packagemanager.impl.PackageMonitorReceiverImpl$RegisteredReceiver
2021-11-18 14:30:34.465 1466-1528/? W/BroadcastQueue: Background execution not allowed: receiving Intent { act=android.intent.action.PACKAGE_ADDED dat=package:com.hades.example.android.myapplication flg=0x4000010 (has extras) } to com.google.android.gms/.games.chimera.GamesSystemBroadcastReceiverProxy
2021-11-18 14:30:34.465 1466-1528/? W/BroadcastQueue: Background execution not allowed: receiving Intent { act=android.intent.action.PACKAGE_ADDED dat=package:com.hades.example.android.myapplication flg=0x4000010 (has extras) } to com.google.android.gms/.gass.chimera.PackageChangeBroadcastReceiver
2021-11-18 14:30:34.466 1466-1528/? W/BroadcastQueue: Background execution not allowed: receiving Intent { act=android.intent.action.PACKAGE_ADDED dat=package:com.hades.example.android.myapplication flg=0x4000010 (has extras) } to com.google.android.gms/.chimera.GmsIntentOperationService$PersistentTrustedReceiver
2021-11-18 14:30:34.466 1466-1528/? W/BroadcastQueue: Background execution not allowed: receiving Intent { act=android.intent.action.PACKAGE_ADDED dat=package:com.hades.example.android.myapplication flg=0x4000010 (has extras) } to com.google.android.googlequicksearchbox/com.google.android.apps.gsa.googlequicksearchbox.GelStubAppWatcher
2021-11-18 14:30:34.466 3108-1970/? I/IntentFilterIntentOp: Verifying IntentFilter. verificationId:24 scheme:"https" hosts:"github.com" package:"com.hades.example.android.myapplication". [CONTEXT service_id=244 ]
2021-11-18 14:30:34.476 2920-2920/? D/RegisteredNfcFServicesCache: Service unchanged, not updating
2021-11-18 14:30:34.477 4149-4149/? I/Finsky: [2] alxk.a(3): Do not start WearSupportService due to Wear service optimization
2021-11-18 14:30:34.479 4149-4149/? I/Finsky: [2] alxk.a(3): Do not start WearSupportService due to Wear service optimization
2021-11-18 14:30:34.479 2499-1816/? W/GCM: Unexpected forwarded intent: Intent { act=android.intent.action.PACKAGE_ADDED dat=package:com.hades.example.android.myapplication flg=0x4000010 cmp=com.google.android.gms/.chimera.PersistentIntentOperationService (has extras) }
2021-11-18 14:30:34.481 4149-4149/? I/Finsky: [2] adxl.a(8): Clearing split related stale data.
2021-11-18 14:30:34.481 30123-30139/? I/PermissionControllerServiceImpl: Updating user sensitive for uid 10290
2021-11-18 14:30:34.481 2499-1816/? W/GCM: Unexpected forwarded intent: Intent { act=android.intent.action.PACKAGE_ADDED dat=package:com.hades.example.android.myapplication flg=0x4000010 cmp=com.google.android.gms/.chimera.PersistentIntentOperationService (has extras) }
2021-11-18 14:30:34.483 1466-1466/? I/Telecom: DefaultDialerCache: Refreshing default dialer for user 0: now com.google.android.dialer: DDC.oR@Mjs
2021-11-18 14:30:34.489 4149-1779/? I/Finsky: [688] gvx.a(12): Asset module storage cleared for package com.hades.example.android.myapplication.
2021-11-18 14:30:34.490 4149-4149/? I/Finsky: [2] ouk.d(2): Frosting ID looked up on UI thread. Caller should move to a background thread.
2021-11-18 14:30:34.494 3108-1980/? I/Auth: [SupervisedAccountIntentOperation] onHandleIntent(): android.intent.action.PACKAGE_ADDED
2021-11-18 14:30:34.495 3108-1980/? I/ChromeSync: [Sync,SyncIntentOperation] Handling the intent: Intent { act=android.intent.action.PACKAGE_ADDED dat=package:com.hades.example.android.myapplication flg=0x4000010 cmp=com.google.android.gms/.chimera.GmsIntentOperationService (has extras) }.
2021-11-18 14:30:34.495 4149-1778/? I/Finsky: [687] jmd.a(15): [ContentSync] finished, scheduled=false
2021-11-18 14:30:34.496 25081-25093/? I/earchbox:searc: CollectorTransition concurrent copying GC freed 15310(1124KB) AllocSpace objects, 0(0B) LOS objects, 71% free, 9637KB/33MB, paused 140us total 130.781ms
2021-11-18 14:30:34.498 1466-1466/? V/BackupManagerConstants: getFullBackupIntervalMilliseconds(...) returns 86400000
2021-11-18 14:30:34.498 1466-1466/? V/BackupManagerConstants: getFullBackupRequiredNetworkType(...) returns 2
2021-11-18 14:30:34.498 1466-1466/? V/BackupManagerConstants: getFullBackupRequireCharging(...) returns true
2021-11-18 14:30:34.502 3108-1979/? I/FontLog: Package com.hades.example.android.myapplication has no metadata [CONTEXT service_id=132 ]
2021-11-18 14:30:34.503 4149-1773/? I/Finsky: [686] otx.run(16): Wrote row to frosting DB: 1418
2021-11-18 14:30:34.504 1008-1230/? D/AF::TrackHandle: OpPlayAudio: track:55 usage:3 not muted
2021-11-18 14:30:34.512 4149-1773/? I/Finsky: [686] otx.run(16): Wrote row to frosting DB: 1419
2021-11-18 14:30:34.513 3108-28080/? E/chhv: *~*~*~ Channel {0} was not shutdown properly!!! ~*~*~*
        Make sure to call shutdown()/shutdownNow() and wait until awaitTermination() returns true.
    java.lang.RuntimeException: ManagedChannel allocation site
        at chhu.<init>(:com.google.android.gms@202117048@20.21.17 (150408-316502805):3)
        at chhv.<init>(:com.google.android.gms@202117048@20.21.17 (150408-316502805):2)
        at chbm.b(:com.google.android.gms@202117048@20.21.17 (150408-316502805):21)
        at qhc.a(:com.google.android.gms@202117048@20.21.17 (150408-316502805):29)
        at qhc.a(:com.google.android.gms@202117048@20.21.17 (150408-316502805):52)
        at araw.a(:com.google.android.gms@202117048@20.21.17 (150408-316502805):8)
        at araw.a(:com.google.android.gms@202117048@20.21.17 (150408-316502805):21)
        at oiy.run(:com.google.android.gms@202117048@20.21.17 (150408-316502805):1)
        at qmk.b(:com.google.android.gms@202117048@20.21.17 (150408-316502805):12)
        at qmk.run(:com.google.android.gms@202117048@20.21.17 (150408-316502805):7)
        at java.util.concurrent.ThreadPoolExecutor.runWorker(ThreadPoolExecutor.java:1167)
        at java.util.concurrent.ThreadPoolExecutor$Worker.run(ThreadPoolExecutor.java:641)
        at qsg.run(:com.google.android.gms@202117048@20.21.17 (150408-316502805):0)
        at java.lang.Thread.run(Thread.java:923)
2021-11-18 14:30:34.513 3108-1625/? W/chht: [{0}] Failed to resolve name. status={1}
2021-11-18 14:30:34.516 3108-28080/? W/SingleHostAsyncVerifier: Error performing check:  [CONTEXT service_id=244 ]
2021-11-18 14:30:34.522 1466-1656/? I/InputReader: Reconfiguring input devices, changes=KEYBOARD_LAYOUTS | 
2021-11-18 14:30:34.535 1008-1230/? D/AF::TrackHandle: OpPlayAudio: track:55 usage:3 not muted
2021-11-18 14:30:34.535 1008-1230/? D/AF::TrackHandle: OpPlayAudio: track:55 usage:3 not muted
2021-11-18 14:30:34.536 4149-4149/? I/Finsky: [2] ycb.d(13): PackageMonitorReceiverImpl - Received: android.intent.action.PACKAGE_CHANGED, [2HsWJrgy9S9L3Khufx54iMVi2wn0fwJwMil2fXzpzgU]
2021-11-18 14:30:34.537 4149-4149/? I/Finsky: [2] ydc.g(1): Invalidating cached PackageState for com.hades.example.android.myapplication
2021-11-18 14:30:34.543 1008-1230/? D/AF::TrackHandle: OpPlayAudio: track:55 usage:3 not muted
2021-11-18 14:30:34.545 4149-4149/? I/Finsky: [2] ouk.d(2): Frosting ID looked up on UI thread. Caller should move to a background thread.
2021-11-18 14:30:34.546 1008-1230/? D/AF::TrackHandle: OpPlayAudio: track:55 usage:3 not muted
2021-11-18 14:30:34.552 4149-1773/? I/Finsky: [686] otx.run(16): Wrote row to frosting DB: 1420
2021-11-18 14:30:34.556 4149-1773/? I/Finsky: [686] otx.run(16): Wrote row to frosting DB: 1421
2021-11-18 14:30:34.560 4149-4149/? I/Finsky: [2] ouk.d(2): Frosting ID looked up on UI thread. Caller should move to a background thread.
2021-11-18 14:30:34.561 1466-1466/? I/Telecom: DefaultDialerCache: Refreshing default dialer for user 0: now com.google.android.dialer: DDC.oR@Mjw
2021-11-18 14:30:34.565 2920-2920/? D/RegisteredNfcFServicesCache: Service unchanged, not updating
2021-11-18 14:30:34.568 2192-2192/? E/PhoneInterfaceManager: [PhoneIntfMgr] getCarrierPackageNamesForIntentAndPhone: No UICC
2021-11-18 14:30:34.568 2192-2192/? D/CarrierSvcBindHelper: No carrier app for: 0
2021-11-18 14:30:34.582 2192-2192/? E/VvmPkgInstalledRcvr: cannot create TelephonyManager from ComponentInfo{com.android.phone/com.android.services.telephony.TelephonyConnectionService}, ***, UserHandle{0}
2021-11-18 14:30:34.600 2499-1972/? I/Fitness: OnPackageChangedOperation got intent: Intent { act=android.intent.action.PACKAGE_CHANGED dat=package:com.hades.example.android.myapplication flg=0x5000010 cmp=com.google.android.gms/.chimera.PersistentIntentOperationService (has extras) } [CONTEXT service_id=17 ]
2021-11-18 14:30:34.608 1008-1230/? D/AF::TrackHandle: OpPlayAudio: track:55 usage:3 not muted
2021-11-18 14:30:34.608 2499-1971/? I/Fitness: OnPackageChangedOperation got intent: Intent { act=android.intent.action.PACKAGE_CHANGED dat=package:com.hades.example.android.myapplication flg=0x5000010 cmp=com.google.android.gms/.chimera.PersistentIntentOperationService (has extras) } [CONTEXT service_id=17 ]
2021-11-18 14:30:34.608 1008-1230/? D/AF::TrackHandle: OpPlayAudio: track:55 usage:3 not muted
2021-11-18 14:30:34.609 1008-1230/? I/chatty: uid=1041(audioserver) Binder:1008_2 identical 2 lines
2021-11-18 14:30:34.609 1008-1230/? D/AF::TrackHandle: OpPlayAudio: track:55 usage:3 not muted
2021-11-18 14:30:34.619 2192-2192/? E/PhoneInterfaceManager: [PhoneIntfMgr] getCarrierPackageNamesForIntentAndPhone: No UICC
2021-11-18 14:30:34.619 2192-2192/? D/CarrierSvcBindHelper: No carrier app for: 0
2021-11-18 14:30:34.621 3108-1987/? I/ChmraDebugLogger: [80] null
2021-11-18 14:30:34.621 2192-2192/? D/ImsResolver: maybeAddedImsService, packageName: com.hades.example.android.myapplication
2021-11-18 14:30:34.623 2192-2192/? D/CarrierConfigLoader: mHandler: 9 phoneId: 0
2021-11-18 14:30:34.623 2192-2192/? D/ImsResolver: maybeAddedImsService, packageName: com.hades.example.android.myapplication
2021-11-18 14:30:34.632 2499-1973/? I/Fitness: FitCleanupIntentOperation received Intent android.intent.action.PACKAGE_CHANGED [CONTEXT service_id=17 ]
2021-11-18 14:30:34.641 2499-1973/? I/Fitness: FitCleanupIntentOperation received Intent android.intent.action.PACKAGE_CHANGED [CONTEXT service_id=17 ]
2021-11-18 14:30:34.661 3108-1018/? I/Icing: Indexing com.google.android.gms-internal.3p:MobileApplication from com.google.android.gms using seqno 236 [CONTEXT service_id=21 ]
2021-11-18 14:30:34.677 3108-1018/? I/Icing: Indexing com.google.android.gms-apps from com.google.android.gms [CONTEXT service_id=21 ]
2021-11-18 14:30:34.743 1466-1475/? I/system_server: Background concurrent copying GC freed 455367(22MB) AllocSpace objects, 104(6432KB) LOS objects, 64% free, 26MB/74MB, paused 235us total 311.736ms
2021-11-18 14:30:34.748 1466-1477/? W/System: A resource failed to call release. 
2021-11-18 14:30:34.754 1466-1477/? I/chatty: uid=1000(system) FinalizerDaemon identical 7 lines
2021-11-18 14:30:34.754 1466-1477/? W/System: A resource failed to call release. 
2021-11-18 14:30:34.778 3108-1018/? I/Icing: Indexing done com.google.android.gms-apps [CONTEXT service_id=21 ]
2021-11-18 14:30:34.779 3108-1018/? I/Icing: Indexing com.google.android.gms-internal.3p:MobileApplication from com.google.android.gms using seqno 236 [CONTEXT service_id=21 ]
2021-11-18 14:30:34.779 3108-1018/? I/Icing: Indexing com.google.android.gms-internal.3p:MobileApplication from com.google.android.gms using seqno 236 [CONTEXT service_id=21 ]
2021-11-18 14:30:34.783 3108-1018/? I/Icing: Indexing com.google.android.gms-apps from com.google.android.gms [CONTEXT service_id=21 ]
2021-11-18 14:30:34.784 3108-1018/? I/Icing: Indexing done com.google.android.gms-apps [CONTEXT service_id=21 ]
2021-11-18 14:30:34.794 25081-1856/? I/A: Writing data of size=405 bytes with N=1 keys to Geller corpus DEVICE_INSTALLED_APPS at ts=1637217034793000
2021-11-18 14:30:34.797 25081-25109/? I/DeviceAppInfoWork: refreshDeviceAppInfoForAccount done.
2021-11-18 14:30:34.802 25081-25139/? W/DeviceAppInfoWork: missing version info.
2021-11-18 14:30:34.807 1466-1519/? W/Looper: Slow delivery took 276ms android.fg h=android.os.Handler c=<recycled PooledLambda@c7013dc> m=0
2021-11-18 14:30:34.810 3108-1018/? I/Icing: Indexing com.google.android.gms-apps from com.google.android.gms [CONTEXT service_id=21 ]
2021-11-18 14:30:34.826 3108-1980/? I/ChromeSync: [Persistence,AffiliationManager] Fetching affiliations from the server.
2021-11-18 14:30:34.832 3108-1980/? E/ChromeSync: [Sync,SyncIntentOperation] Error handling the intent: Intent { act=android.intent.action.PACKAGE_ADDED dat=package:com.hades.example.android.myapplication flg=0x4000010 cmp=com.google.android.gms/.chimera.GmsIntentOperationService (has extras) }.
2021-11-18 14:30:34.833 3108-1018/? I/Icing: Indexing done com.google.android.gms-apps [CONTEXT service_id=21 ]
2021-11-18 14:30:35.253 30123-30139/? I/PermissionControllerServiceImpl: Updating user sensitive for uid 10290
2021-11-18 14:30:35.264 1466-1519/? W/Looper: Drained
2021-11-18 14:30:35.316 3108-1986/? W/chht: [{0}] Failed to resolve name. status={1}
2021-11-18 14:30:35.412 1466-1466/? D/NotificationService: 0|com.google.android.apps.wellbeing|174344743|null|10149: granting content://settings/system/notification_sound
2021-11-18 14:30:35.413 1466-1466/? I/chatty: uid=1000 system_server identical 3 lines
2021-11-18 14:30:35.413 1466-1466/? D/NotificationService: 0|com.google.android.apps.wellbeing|174344743|null|10149: granting content://settings/system/notification_sound
2021-11-18 14:30:35.417 1466-1466/? W/NotificationHistory: Attempted to add notif for locked/gone/disabled user 0
2021-11-18 14:30:35.426 1907-1907/? D/InterruptionStateProvider: No bubble up: not allowed to bubble: 0|com.google.android.apps.wellbeing|174344743|null|10149
2021-11-18 14:30:35.426 1907-1907/? D/InterruptionStateProvider: No heads up: unimportant notification: 0|com.google.android.apps.wellbeing|174344743|null|10149
2021-11-18 14:30:35.778 1466-1528/? W/BroadcastQueue: Background execution not allowed: receiving Intent { act=android.intent.action.DROPBOX_ENTRY_ADDED flg=0x10 (has extras) } to com.google.android.gms/.stats.service.DropBoxEntryAddedReceiver
2021-11-18 14:30:35.779 1466-1528/? W/BroadcastQueue: Background execution not allowed: receiving Intent { act=android.intent.action.DROPBOX_ENTRY_ADDED flg=0x10 (has extras) } to com.google.android.gms/.chimera.GmsIntentOperationService$PersistentTrustedReceiver
